// Vitest Snapshot v1, https://vitest.dev/guide/snapshot.html

exports[`jsonifyTree > should jsonify tree 1`] = `
{
  "children": [
    {
      "children": [
        {
          "children": [
            {
              "children": [],
              "from": 8,
              "text": "MyPage",
              "to": 14,
              "type": "InternalLinkBody",
            },
          ],
          "from": 6,
          "text": "[[MyPage]]",
          "to": 16,
          "type": "InternalLink",
        },
      ],
      "from": 0,
      "text": "hello [[MyPage]]",
      "to": 16,
      "type": "Paragraph",
    },
  ],
  "from": 0,
  "text": "hello [[MyPage]]",
  "to": 16,
  "type": "Document",
}
`;

exports[`syntax-plugin parser > does not parse invalid internal link as internal link 1`] = `
"Document(0-10): "hello [[]]"
  Paragraph(0-10): "hello [[]]"
    Link(6-10): "[[]]"
      LinkMark(6-7): "["
      LinkMark(9-10): "]""
`;

exports[`syntax-plugin parser > parses basic text "hello" 1`] = `
"Document(0-5): "hello"
  Paragraph(0-5): "hello""
`;

exports[`syntax-plugin parser > parses internal link 1 1`] = `
"Document(0-16): "hello [[MyPage]]"
  Paragraph(0-16): "hello [[MyPage]]"
    InternalLink(6-16): "[[MyPage]]"
      InternalLinkBody(8-14): "MyPage""
`;

exports[`syntax-plugin parser > parses internal link 2 1`] = `
"Document(0-17): "hello [[MyPage2]]"
  Paragraph(0-17): "hello [[MyPage2]]"
    InternalLink(6-17): "[[MyPage2]]"
      InternalLinkBody(8-15): "MyPage2""
`;

exports[`syntax-plugin parser > parses internal link 2 2`] = `
"Document(0-17): "hello [[MyPage2]]"
  Paragraph(0-17): "hello [[MyPage2]]"
    InternalLink(6-17): "[[MyPage2]]"
      InternalLinkBody(8-15): "MyPage2""
`;

exports[`syntax-plugin parser > parses tag 1`] = `
"Document(0-12): "hello #mytag"
  Paragraph(0-12): "hello #mytag"
    Tag(6-12): "#mytag""
`;

exports[`syntax-plugin parser > parses text with emphasis 1`] = `
"Document(0-13): "hello *world*"
  Paragraph(0-13): "hello *world*"
    Emphasis(6-13): "*world*"
      EmphasisMark(6-7): "*"
      EmphasisMark(12-13): "*""
`;
